19:39:38.571  pid:9c4  audiodg.exe  ioctl:0x2f0003
19:39:38.572  pid:9c4  audiodg.exe  ioctl:0x222017
19:39:38.707  pid:888  WUDFHost.exe  ioctl:0x120004
19:39:38.707  pid:888  WUDFHost.exe  ioctl:0x120004
19:39:39.001  pid:9c4  audiodg.exe  ioctl:0x2f0003
19:39:39.002  pid:9c4  audiodg.exe  ioctl:0x222017
19:39:39.091  pid:e10  Trae CN.exe  ioctl:0x12017
19:39:39.111  pid:9c4  audiodg.exe  ioctl:0x2f0003
19:39:39.112  pid:9c4  audiodg.exe  ioctl:0x222017
19:39:39.134  pid:abc  WUDFHost.exe  ioctl:0x80018483
19:39:39.134  pid:abc  WUDFHost.exe  ioctl:0x80018483
19:39:39.433  pid:abc  WUDFHost.exe  ioctl:0x80018483
19:39:39.433  pid:abc  WUDFHost.exe  ioctl:0x80018483
19:39:39.611  pid:9c4  audiodg.exe  ioctl:0x2f0003
19:39:39.611  pid:9c4  audiodg.exe  ioctl:0x222017
19:39:39.761  pid:9c4  audiodg.exe  ioctl:0x2f0003
19:39:39.762  pid:9c4  audiodg.exe  ioctl:0x222017
19:39:39.833  pid:abc  WUDFHost.exe  ioctl:0x80018483
19:39:39.833  pid:abc  WUDFHost.exe  ioctl:0x80018483
19:39:39.841  pid:9c4  audiodg.exe  ioctl:0x2f0003
19:39:39.841  pid:9c4  audiodg.exe  ioctl:0x222017
19:39:39.941  pid:9c4  audiodg.exe  ioctl:0x2f0003
19:39:39.942  pid:9c4  audiodg.exe  ioctl:0x222017
19:39:40.103  pid:23f4  goland64.exe  ioctl:0x12047
19:39:40.103  pid:23f4  goland64.exe  ioctl:0x12017
19:39:40.103  pid:23f4  goland64.exe  ioctl:0x1201f
19:39:40.105  pid:23f4  goland64.exe  ioctl:0x1202b
19:39:40.105  pid:23f4  goland64.exe  ioctl:0x1202b
19:39:40.201  pid:9c4  audiodg.exe  ioctl:0x2f0003
19:39:40.201  pid:9c4  audiodg.exe  ioctl:0x222017
19:39:40.207  pid:2680  jetbrainsd.exe  ioctl:0x12017
19:39:40.207  pid:2680  jetbrainsd.exe  ioctl:0x12017
19:39:40.207  pid:2680  jetbrainsd.exe  ioctl:0x1201f
19:39:40.331  pid:9c4  audiodg.exe  ioctl:0x2f0003
19:39:40.332  pid:9c4  audiodg.exe  ioctl:0x222017
19:39:40.491  pid:9c4  audiodg.exe  ioctl:0x2f0003
19:39:40.492  pid:9c4  audiodg.exe  ioctl:0x222017
19:39:40.501  pid:9c4  audiodg.exe  ioctl:0x2f0003
19:39:40.502  pid:9c4  audiodg.exe  ioctl:0x222017
19:39:40.534  pid:abc  WUDFHost.exe  ioctl:0x80018483
19:39:40.534  pid:abc  WUDFHost.exe  ioctl:0x80018483
19:39:40.538  pid:2680  jetbrainsd.exe  ioctl:0x12024
19:39:40.538  pid:2680  jetbrainsd.exe  ioctl:0x12024
19:39:40.538  pid:2680  jetbrainsd.exe  ioctl:0x12024
19:39:40.538  pid:2680  jetbrainsd.exe  ioctl:0x12017
19:39:40.538  pid:2680  jetbrainsd.exe  ioctl:0x12017
19:39:40.538  pid:2680  jetbrainsd.exe  ioctl:0x1201f
19:39:40.540  pid:2680  jetbrainsd.exe  ioctl:0x12017
19:39:40.541  pid:2680  jetbrainsd.exe  ioctl:0x12017
19:39:40.541  pid:23f4  goland64.exe  ioctl:0x12017
19:39:40.541  pid:23f4  goland64.exe  ioctl:0x12024
19:39:40.569  pid:2064  <exited>  ioctl:0x500006
19:39:40.581  pid:9c4  audiodg.exe  ioctl:0x2f0003
19:39:40.582  pid:9c4  audiodg.exe  ioctl:0x222017
19:39:40.631  pid:9c4  audiodg.exe  ioctl:0x2f0003
19:39:40.632  pid:9c4  audiodg.exe  ioctl:0x222017
19:39:40.833  pid:abc  WUDFHost.exe  ioctl:0x80018483
19:39:40.833  pid:abc  WUDFHost.exe  ioctl:0x80018483
19:39:40.851  pid:9c4  audiodg.exe  ioctl:0x2f0003
19:39:40.852  pid:9c4  audiodg.exe  ioctl:0x2f0003
19:39:40.852  pid:9c4  audiodg.exe  ioctl:0x222017
19:39:40.870  pid:9c4  audiodg.exe  ioctl:0x2f0003
19:39:40.870  pid:9c4  audiodg.exe  ioctl:0x222017
19:39:41.191  pid:9c4  audiodg.exe  ioctl:0x2f0003
19:39:41.192  pid:9c4  audiodg.exe  ioctl:0x222017
19:39:41.271  pid:9c4  audiodg.exe  ioctl:0x2f0003
19:39:41.272  pid:9c4  audiodg.exe  ioctl:0x2f0003
19:39:41.272  pid:9c4  audiodg.exe  ioctl:0x222017
19:39:41.431  pid:9c4  audiodg.exe  ioctl:0x2f0003
19:39:41.431  pid:9c4  audiodg.exe  ioctl:0x222017
19:39:41.561  pid:9c4  audiodg.exe  ioctl:0x2f0003
19:39:41.561  pid:9c4  audiodg.exe  ioctl:0x222017
19:39:41.571  pid:9c4  audiodg.exe  ioctl:0x2f0003
19:39:41.571  pid:9c4  audiodg.exe  ioctl:0x222017
19:39:41.691  pid:9c4  audiodg.exe  ioctl:0x2f0003
19:39:41.691  pid:9c4  audiodg.exe  ioctl:0x222017
19:39:41.721  pid:9c4  audiodg.exe  ioctl:0x2f0003
19:39:41.721  pid:9c4  audiodg.exe  ioctl:0x222017
19:39:41.741  pid:9c4  audiodg.exe  ioctl:0x2f0003
19:39:41.742  pid:9c4  audiodg.exe  ioctl:0x222017
19:39:41.787  pid:e10  Trae CN.exe  ioctl:0x12017
19:39:41.821  pid:9c4  audiodg.exe  ioctl:0x2f0003
19:39:41.822  pid:9c4  audiodg.exe  ioctl:0x2f0003
19:39:41.822  pid:9c4  audiodg.exe  ioctl:0x222017
19:39:41.850  pid:2680  jetbrainsd.exe  ioctl:0x1201f
19:39:41.871  pid:9c4  audiodg.exe  ioctl:0x2f0003
19:39:41.871  pid:9c4  audiodg.exe  ioctl:0x222017
19:39:41.881  pid:9c4  audiodg.exe  ioctl:0x2f0003
19:39:41.882  pid:9c4  audiodg.exe  ioctl:0x222017
19:39:41.891  pid:9c4  audiodg.exe  ioctl:0x2f0003
19:39:41.891  pid:9c4  audiodg.exe  ioctl:0x222017
19:39:41.931  pid:9c4  audiodg.exe  ioctl:0x2f0003
19:39:41.932  pid:9c4  audiodg.exe  ioctl:0x2f0003
19:39:41.932  pid:9c4  audiodg.exe  ioctl:0x222017
19:39:41.953  pid:abc  WUDFHost.exe  ioctl:0x80018483
19:39:41.953  pid:abc  WUDFHost.exe  ioctl:0x80018483
19:39:42.011  pid:9c4  audiodg.exe  ioctl:0x2f0003
19:39:42.011  pid:9c4  audiodg.exe  ioctl:0x222017
19:39:42.121  pid:9c4  audiodg.exe  ioctl:0x2f0003
19:39:42.122  pid:9c4  audiodg.exe  ioctl:0x222017
19:39:42.133  pid:abc  WUDFHost.exe  ioctl:0x80018483
19:39:42.133  pid:abc  WUDFHost.exe  ioctl:0x80018483
19:39:42.141  pid:9c4  audiodg.exe  ioctl:0x2f0003
19:39:42.141  pid:9c4  audiodg.exe  ioctl:0x222017
19:39:42.191  pid:9c4  audiodg.exe  ioctl:0x2f0003
19:39:42.191  pid:9c4  audiodg.exe  ioctl:0x222017
19:39:42.209  pid:888  WUDFHost.exe  ioctl:0x120004
19:39:42.241  pid:9c4  audiodg.exe  ioctl:0x2f0003
19:39:42.242  pid:9c4  audiodg.exe  ioctl:0x222017
19:39:42.301  pid:9c4  audiodg.exe  ioctl:0x2f0003
19:39:42.302  pid:9c4  audiodg.exe  ioctl:0x222017
19:39:42.371  pid:9c4  audiodg.exe  ioctl:0x2f0003
19:39:42.372  pid:9c4  audiodg.exe  ioctl:0x2f0003
19:39:42.372  pid:9c4  audiodg.exe  ioctl:0x222017
19:39:42.391  pid:9c4  audiodg.exe  ioctl:0x2f0003
19:39:42.392  pid:9c4  audiodg.exe  ioctl:0x222017
19:39:42.411  pid:9c4  audiodg.exe  ioctl:0x2f0003
19:39:42.412  pid:9c4  audiodg.exe  ioctl:0x222017
19:39:42.453  pid:abc  WUDFHost.exe  ioctl:0x80018483
19:39:42.453  pid:abc  WUDFHost.exe  ioctl:0x80018483
19:39:42.621  pid:9c4  audiodg.exe  ioctl:0x2f0003
19:39:42.622  pid:9c4  audiodg.exe  ioctl:0x222017
19:39:42.681  pid:9c4  audiodg.exe  ioctl:0x2f0003
19:39:42.681  pid:9c4  audiodg.exe  ioctl:0x222017
19:39:42.931  pid:9c4  audiodg.exe  ioctl:0x2f0003
19:39:42.931  pid:9c4  audiodg.exe  ioctl:0x222017
19:39:42.961  pid:9c4  audiodg.exe  ioctl:0x2f0003
19:39:42.962  pid:9c4  audiodg.exe  ioctl:0x222017
19:39:43.023  pid:abc  WUDFHost.exe  ioctl:0x80018483
19:39:43.023  pid:abc  WUDFHost.exe  ioctl:0x80018483
19:39:43.191  pid:9c4  audiodg.exe  ioctl:0x2f0003
19:39:43.192  pid:9c4  audiodg.exe  ioctl:0x222017
19:39:43.421  pid:9c4  audiodg.exe  ioctl:0x2f0003
19:39:43.422  pid:9c4  audiodg.exe  ioctl:0x222017
19:39:43.471  pid:9c4  audiodg.exe  ioctl:0x2f0003
19:39:43.472  pid:9c4  audiodg.exe  ioctl:0x222017
19:39:43.541  pid:9c4  audiodg.exe  ioctl:0x2f0003
19:39:43.541  pid:9c4  audiodg.exe  ioctl:0x222017
19:39:43.567  pid:9c4  audiodg.exe  ioctl:0x22201b
19:39:44.488  pid:888  WUDFHost.exe  ioctl:0x120004
19:39:44.524  pid:abc  WUDFHost.exe  ioctl:0x80018483
19:39:44.524  pid:abc  WUDFHost.exe  ioctl:0x80018483
19:39:44.623  pid:abc  WUDFHost.exe  ioctl:0x80018483
19:39:44.623  pid:abc  WUDFHost.exe  ioctl:0x80018483
19:39:44.823  pid:abc  WUDFHost.exe  ioctl:0x80018483
19:39:44.823  pid:abc  WUDFHost.exe  ioctl:0x80018483
19:39:45.501  pid:888  WUDFHost.exe  ioctl:0x120004
19:39:45.502  pid:888  WUDFHost.exe  ioctl:0x120004
19:39:45.542  pid:2680  jetbrainsd.exe  ioctl:0x12017
19:39:45.623  pid:abc  WUDFHost.exe  ioctl:0x80018483
19:39:45.623  pid:abc  WUDFHost.exe  ioctl:0x80018483
19:39:46.123  pid:abc  WUDFHost.exe  ioctl:0x80018483
19:39:46.123  pid:abc  WUDFHost.exe  ioctl:0x80018483
19:39:46.303  pid:abc  WUDFHost.exe  ioctl:0x80018483
19:39:46.303  pid:abc  WUDFHost.exe  ioctl:0xb0192
19:39:46.305  pid:abc  WUDFHost.exe  ioctl:0xb0191
19:39:46.473  pid:abc  WUDFHost.exe  ioctl:0x80018483
19:39:46.473  pid:abc  WUDFHost.exe  ioctl:0x80018483
19:39:46.489  pid:888  WUDFHost.exe  ioctl:0x120004
19:39:46.573  pid:abc  WUDFHost.exe  ioctl:0x80018483
19:39:46.573  pid:abc  WUDFHost.exe  ioctl:0x80018483
19:39:46.755  pid:888  WUDFHost.exe  ioctl:0x120004
19:39:46.759  pid:888  WUDFHost.exe  ioctl:0x120004
19:39:46.864  pid:23f4  goland64.exe  ioctl:0x12024
19:39:46.864  pid:23f4  goland64.exe  ioctl:0x12017
19:39:47.082  pid:da0  svchost.exe  ioctl:0x120007
19:39:47.082  pid:624  svchost.exe  ioctl:0x120007
19:39:47.083  pid:624  svchost.exe  ioctl:0x12047
19:39:47.083  pid:624  svchost.exe  ioctl:0x120b3
19:39:47.083  pid:624  svchost.exe  ioctl:0x120bf
19:39:47.083  pid:12fc  svchost.exe  ioctl:0x120007
19:39:47.086  pid:1608  powershell.exe  ioctl:0x500016
19:39:47.086  pid:137c  OpenConsole.exe  ioctl:0x500006
19:39:47.373  pid:abc  WUDFHost.exe  ioctl:0x80018483
19:39:47.373  pid:abc  WUDFHost.exe  ioctl:0x80018483
19:39:47.473  pid:abc  WUDFHost.exe  ioctl:0x80018483
19:39:47.473  pid:abc  WUDFHost.exe  ioctl:0x80018483
19:39:47.673  pid:abc  WUDFHost.exe  ioctl:0x80018483
19:39:47.673  pid:abc  WUDFHost.exe  ioctl:0x80018483
19:39:47.873  pid:abc  WUDFHost.exe  ioctl:0x80018483
19:39:47.873  pid:abc  WUDFHost.exe  ioctl:0x80018483
19:39:48.096  pid:bf8  svchost.exe  ioctl:0x12000b
19:39:48.097  pid:bf8  svchost.exe  ioctl:0x12001b
19:39:48.097  pid:bf8  svchost.exe  ioctl:0x12001b
19:39:48.097  pid:bf8  svchost.exe  ioctl:0x12001b
19:39:48.097  pid:bf8  svchost.exe  ioctl:0x12001b
19:39:48.097  pid:bf8  svchost.exe  ioctl:0x12000b
19:39:48.097  pid:bf8  svchost.exe  ioctl:0x12001b
19:39:48.097  pid:bf8  svchost.exe  ioctl:0x12001b
